// Jest Snapshot v1, https://goo.gl/fbAQLP

exports[`should render AddExpensePage  1`] = `
<div>
  <div
    className="page-header"
  >
    <div
      className="content-container"
    >
      <h1
        className="page-header__title"
      >
        Add Expense
      </h1>
    </div>
  </div>
  <div
    className="content-container"
  >
    <ExpenseForm
      amountPlaceholder="Amount"
      descriptionPlaceholder="Description"
      expenseButton="Expense"
      newExpenseButton="Add"
      notePlaceholder="Add an extense description (option)"
      onSubmit={[Function]}
      saveExpenseButton="Save"
    />
  </div>
</div>
`;
