// Jest Snapshot v1, https://goo.gl/fbAQLP

exports[`should render Header 1`] = `
<header
  className="header"
>
  <div
    className="content-container"
  >
    <div
      className="header__content"
    >
      <Link
        className="header__title"
        replace={false}
        to="/dashboard"
      >
        <h1>
          Expensify
        </h1>
      </Link>
      <div
        className="header__user"
      >
        <div
          className="header__language"
        >
          <button
            className="button button-lang"
            onClick={[Function]}
          >
            EN
          </button>
        </div>
        <div>
          <img
            src="http?sz=50"
          />
        </div>
        <span
          className="header__user__info"
        >
          <span
            className="header__user__displayname"
          >
            Julio
          </span>
          <button
            className="button button-link"
            onClick={[Function]}
          >
            Log out
          </button>
        </span>
      </div>
    </div>
  </div>
</header>
`;
